acyclic channel: TypeError x14
acyclic channel: ok x50
acyclic deep_freeze: ok x64
acyclic dup: ok x64
acyclic equal: ok x64
acyclic flatten: NoMethodError x7
acyclic flatten: TypeError x37
acyclic flatten: ok x20
acyclic freeze: ok x64
acyclic hash_key: ok x64
acyclic json: JSONError x26
acyclic json: SystemStackError x18
acyclic json: ok x20
acyclic sort: TypeError x57
acyclic sort: ok x7
acyclic thread: TypeError x14
acyclic thread: ok x50
acyclic to_s: ok x64
acyclic uniq: ok x64
cyclic channel: TypeError x15
cyclic deep_freeze: ok x15
cyclic dup: ok x15
cyclic equal: ok x15
cyclic flatten: NoMethodError x2
cyclic flatten: SystemStackError x1
cyclic flatten: TypeError x8
cyclic flatten: ok x4
cyclic freeze: ok x15
cyclic hash_key: ok x15
cyclic json: JSONError x5
cyclic json: SystemStackError x10
cyclic sort: SystemStackError x1
cyclic sort: TypeError x14
cyclic thread: TypeError x15
cyclic to_s: ok x15
cyclic uniq: ok x15
property failures: 0
[]
