[[[3, 1], [1, 2], 3, 1, 2, 3, 2, 1, 3, [1, 2, 3], 0, 9, [1, 2, 3], [1, 3], {1: 2, 3: 4}, [[1, 3], [2, 4]], 60, [6, 4], [3, 1, 2], true, true, 6, [[1, 3], [2, 3]], [[1, 2], [1, 3], [2, 3]], [[1, 2], [4, 5], [7]], [1, 3], [2, 3], [1, 2, 3], [1, 2, 1, 2], 1-2, [3, 2], 2, [1, 2, 3], true, 3, [2, 3]], [[b=2, a=1], [20, 10], {b: 2}, [2], {a: 1}, true, 2, 1, [b, 2], [a, 1], [[a, 1], [b, 2]], [[a, 1], [b, 2]], 3, [[b, 2], [a, 1]], true, true, {2: b, 1: a}, {b: 3, a: 2}, {b!: 2, a!: 1}, {a: 1}, {b: 2}, {y: 1}, {0: {b: 2}, 1: {a: 1}}, [{b: 2}, {a: 1}], 1, 1, 3, 2], key not found: zzz, [hELLO, 1, 3, 2, [a
, b
], [a, b, c], [a, b,c], **abc**, heo, abc, ababab, 255, ab, [a, b, c], true, x, x, x  |, true, abc, bcd, c, 3, 255], [1024, -4, 512, 1267650600228229401496703205376, true, 0.5, 3, true, [3, 1], 6, 12, [4, 3, 2, 1], true, true, true, 6, 4, 3.5, ff, -101, 5, 4.0, 5.0, [1, 4, 7, 10], [1, 2]]]
