Fri 25 Sep 2026
  08:15   Commute
  09:30   Standup
  16:00   Demo day

Mon 28 Sep 2026
  08:15   Commute
  09:30   Standup

Tue 29 Sep 2026
  08:15   Commute

Wed 30 Sep 2026
  all day Pay credit card
  08:15   Commute
  09:30   Standup

Thu 01 Oct 2026
  all day Rent due
  08:15   Commute

Fri 02 Oct 2026
  08:15   Commute
  09:30   Standup
  18:30   Concert

Sat 03 Oct 2026
  all day Anniversary
